
> @bbalganjjm/natural_js@2.0.0-beta.0 test:browser
> playwright test -c tests/playwright.config.ts --project chromium --output node_modules/.cache/m12-final-chromium


Running 167 tests using 4 workers

(node:22328) Warning: The 'NO_COLOR' env is ignored due to the 'FORCE_COLOR' env being set.
(Use `node --trace-warnings ...` to show where the warning was created)
(node:22784) Warning: The 'NO_COLOR' env is ignored due to the 'FORCE_COLOR' env being set.
(Use `node --trace-warnings ...` to show where the warning was created)
(node:18068) Warning: The 'NO_COLOR' env is ignored due to the 'FORCE_COLOR' env being set.
(Use `node --trace-warnings ...` to show where the warning was created)
(node:7636) Warning: The 'NO_COLOR' env is ignored due to the 'FORCE_COLOR' env being set.
(Use `node --trace-warnings ...` to show where the warning was created)
  ok   1 [chromium] › tests\browser\form-m6.spec.ts:3:1 › Form keeps choice groups raw, accessible, and scoped to their MDI forms (429ms)
  ok   2 [chromium] › tests\browser\datepicker.spec.ts:24:1 › DatePicker compiles authored weeks once and restores markup, IDs, and ownership (515ms)
  ok   3 [chromium] › tests\browser\documents.spec.ts:21:1 › documents reuse keys, reload with the original factory, isolate MDI, and restore authored markup (542ms)
  ok   5 [chromium] › tests\browser\form-m6.spec.ts:99:1 › local Form reads group values and rejects ambiguous declarations (266ms)
  ok   4 [chromium] › tests\browser\a11y-popup-tabs.spec.ts:66:1 › native Popup keeps keyboard focus inside and Escape restores the opener (708ms)
  ok   7 [chromium] › tests\browser\documents.spec.ts:84:1 › malformed page handles release their partial work and Tabs restores authored alert nodes (237ms)
  ok   6 [chromium] › tests\browser\datepicker.spec.ts:61:1 › calendar keyboard preserves leap-day intent, week order, selection, and roving focus (351ms)
  ok   8 [chromium] › tests\browser\form.spec.ts:3:1 › Form keeps invalid edits out of Rows and exposes authored errors accessibly (226ms)
  ok  10 [chromium] › tests\browser\documents.spec.ts:152:1 › close during reload waits for the original page cleanup before removing its panel (195ms)
  ok  11 [chromium] › tests\browser\datepicker.spec.ts:95:1 › limits constrain keyboard and pointer selection without emitting programmatic changes (218ms)
  ok  12 [chromium] › tests\browser\form.spec.ts:106:1 › local Form reads nested fields and row validation leaves another bound row alone (228ms)
  ok  13 [chromium] › tests\browser\documents.spec.ts:188:1 › superseded documents abort, failures recover the previous page, and retained entries retry (194ms)
  ok   9 [chromium] › tests\browser\a11y-popup-tabs.spec.ts:99:1 › two MDI workspaces keep unique IDs and resolvable ARIA references (451ms)
  ok  14 [chromium] › tests\browser\datepicker.spec.ts:134:1 › Monday weeks and extreme years use UTC calendar days across daylight-saving dates (213ms)
  ok  15 [chromium] › tests\browser\form.spec.ts:147:1 › Form retains invalid drafts by row and resolves cross-field candidates (209ms)
  ok  16 [chromium] › tests\browser\documents.spec.ts:235:1 › close guards deduplicate, refusal and errors preserve pages, and disposal cancels a pending guard (204ms)
  ok  18 [chromium] › tests\browser\datepicker.spec.ts:169:1 › locale labels retain the Gregorian ISO calendar (221ms)
  ok  17 [chromium] › tests\browser\a11y-popup-tabs.spec.ts:112:1 › vertical Tabs skip disabled buttons and keep manual activation (341ms)
  ok  20 [chromium] › tests\browser\documents.spec.ts:296:1 › closing an inactive document does not wait for or cancel another pending selection (184ms)
  ok  21 [chromium] › tests\browser\datepicker.spec.ts:192:1 › invalid dates, locale, markup, and repeated IDs fail before changing authored nodes (192ms)
  ok  19 [chromium] › tests\browser\form.spec.ts:211:1 › built-in Form rules keep raw values and direct fill replaces formatted text (352ms)
  ok  23 [chromium] › tests\browser\documents.spec.ts:326:1 › a present close guard must explicitly return a boolean before a document is removed (169ms)
  ok  25 [chromium] › tests\browser\form.spec.ts:241:1 › parser failures retain drafts and null raw values can format (203ms)
  ok  24 [chromium] › tests\browser\datepicker.spec.ts:229:1 › application date selection updates nested Form rows through native input events (241ms)
  ok  27 [chromium] › tests\browser\form.spec.ts:291:1 › local file input validates its filename and row-bound file input fails clearly (262ms)
  ok  29 [chromium] › tests\browser\form.spec.ts:342:1 › built-in required rejects an unchecked checkbox and custom required can override it (192ms)
  ok  30 [chromium] › tests\browser\form.spec.ts:376:1 › visible and hidden Form drafts obey native text length constraints (241ms)
  ok  31 [chromium] › tests\browser\form.spec.ts:413:1 › Form clears a committed draft after a subscriber error but keeps a rejected draft (200ms)
  ok  26 [chromium] › tests\browser\documents.spec.ts:353:1 › horizontal document keyboard activation, contextual close names, empty focus, and ARIA remain accessible (1.2s)
  ok  32 [chromium] › tests\browser\form.spec.ts:469:1 › Form rejects display formatters on controls without text display semantics (200ms)
  ok  22 [chromium] › tests\browser\a11y-popup-tabs.spec.ts:160:3 › side MDI and open Popup pass automated WCAG-tagged checks (1.6s)
  ok  34 [chromium] › tests\browser\form.spec.ts:491:1 › hidden Form length checks use entered text before parsing (286ms)
  ok  36 [chromium] › tests\browser\form.spec.ts:526:1 › external Rows.set clears stale Form errors without running validators in its subscriber (188ms)
  ok  28 [chromium] › tests\browser\datepicker.spec.ts:259:1 › authored calendar exposes an accessible grid before and after keyboard navigation (1.7s)
  ok  37 [chromium] › tests\browser\form.spec.ts:578:1 › untouched stored text has the same visible and hidden length result (185ms)
  ok  38 [chromium] › tests\browser\grid-initial-page.spec.ts:13:1 › initialPage renders only its slice, copies input, clamps, and preserves the no-option default (262ms)
  ok  39 [chromium] › tests\browser\form.spec.ts:602:1 › validate commits a draft made valid by an external row update without rebinding (225ms)
  ok  40 [chromium] › tests\browser\grid-initial-page.spec.ts:77:1 › invalid initialPage leaves authored template and Select ownership untouched; setPage failure is atomic (211ms)
  ok  33 [chromium] › tests\browser\documents.spec.ts:353:1 › vertical document keyboard activation, contextual close names, empty focus, and ARIA remain accessible (1.2s)
  ok  41 [chromium] › tests\browser\grid-lifetime.spec.ts:13:1 › Grid releases visited pages while restoring the selected row, draft, and error (247ms)
  ok  42 [chromium] › tests\browser\grid-initial-page.spec.ts:128:1 › initialPage keeps off-page identity and validation while deferring invalid row options (202ms)
  ok  43 [chromium] › tests\browser\documents.spec.ts:388:1 › invalid repeated templates fail atomically before binding and the root can be corrected (189ms)
  ok  44 [chromium] › tests\browser\grid-lifetime.spec.ts:105:1 › offscreen validation text clears on external set, revert, remove, and replace (193ms)
  ok  46 [chromium] › tests\browser\grid-m6.spec.ts:14:1 › Grid text and checkbox edits keep typed nested raw values (179ms)
  ok  45 [chromium] › tests\browser\grid-initial-page.spec.ts:181:1 › two initial-page Grids keep nested choices and generated error IDs isolated, then rebind cleanly (234ms)
  ok  47 [chromium] › tests\browser\grid.spec.ts:12:1 › nested row options keep raw values, row identity, and native table markup (205ms)
  ok  48 [chromium] › tests\browser\grid-m6.spec.ts:61:1 › Grid parse failure stays with RowId through paging and clears on revert (205ms)
  ok  35 [chromium] › tests\browser\a11y-popup-tabs.spec.ts:160:3 › stack MDI and open Popup pass automated WCAG-tagged checks (1.7s)
  ok  49 [chromium] › tests\browser\grid-initial-page.spec.ts:243:1 › off-page formatter failure rolls back page and releases its new Select before retry (234ms)
  ok  50 [chromium] › tests\browser\grid.spec.ts:103:1 › a repeated fixed id is rejected before cloning (231ms)
  ok  51 [chromium] › tests\browser\grid-m6.spec.ts:118:1 › Grid sort and page state use authored headings and restore focus (230ms)
  ok  53 [chromium] › tests\browser\grid-initial-page.spec.ts:299:1 › off-page Select option failure rolls back and releases its new clone before retry (237ms)
  ok  54 [chromium] › tests\browser\grid.spec.ts:123:1 › nested field paths preserve a number apart from the same DOM string (208ms)
  ok  55 [chromium] › tests\browser\grid-m6.spec.ts:163:1 › Grid rejects ambiguous controls before changing authored markup (276ms)
  ok  57 [chromium] › tests\browser\grid.spec.ts:166:1 › rule arguments fail before binding and custom Grid rules run (231ms)
  ok  56 [chromium] › tests\browser\grid-initial-page.spec.ts:350:1 › initial-page draft and focus survive a page-away and return without duplicate IDs (264ms)
  ok  59 [chromium] › tests\browser\grid.spec.ts:196:1 › formatted text, validators, and cloned error regions stay accessible across filtering (214ms)
  ok  58 [chromium] › tests\browser\grid-m6.spec.ts:195:1 › Form and Grid parsers see one unparsed input snapshot (248ms)
  ok  60 [chromium] › tests\browser\import.spec.ts:3:1 › ESM package loads in two authored views without duplicate IDs (338ms)
  ok  61 [chromium] › tests\browser\grid.spec.ts:258:1 › failed Select edits stay with RowId and clear on revert, remove, and replace (217ms)
  ok  62 [chromium] › tests\browser\grid-m6.spec.ts:240:1 › Grid and List keep keyboard focus when a disabled row leaves the page (217ms)
  ok  63 [chromium] › tests\browser\list.spec.ts:13:1 › authored list keeps nested raw choices and RowId selection through sort, filter, and page (284ms)
  ok  64 [chromium] › tests\browser\grid.spec.ts:349:1 › external row updates do not run user validators after the value commits (235ms)
  ok  66 [chromium] › tests\browser\list.spec.ts:101:1 › List validates hidden rows and links errors without changing raw data (187ms)
  ok  67 [chromium] › tests\browser\grid.spec.ts:382:1 › cross-field Select drafts validate together and commit on change or explicit validation (185ms)
  ok  65 [chromium] › tests\browser\m10-agent-screen.spec.ts:57:1 › a docs-first authored Grid keeps row identity and drafts across local views (495ms)
  ok  69 [chromium] › tests\browser\grid.spec.ts:448:1 › programmatic lengths, checkbox state, stale errors, and unsupported inputs are explicit (194ms)
  ok  68 [chromium] › tests\browser\list.spec.ts:164:1 › List rejects duplicate template IDs before mutation (226ms)
  ok  71 [chromium] › tests\browser\grid.spec.ts:521:1 › a thrown Select validator keeps its draft until explicit validation succeeds (186ms)
  ok  72 [chromium] › tests\browser\list.spec.ts:184:1 › List multiple Select validation requires a raw array (214ms)
  ok  74 [chromium] › tests\browser\m10-grid.spec.ts:10:3 › side keeps grouped headings, nested choices, and MDI rows independent (509ms)
  ok  73 [chromium] › tests\browser\m12-shell.spec.ts:5:3 › side shares one editor definition and Rows while retaining and guarding documents (881ms)
  ok  52 [chromium] › tests\browser\a11y-popup-tabs.spec.ts:175:3 › side Form, Grid, List, and Pagination pass automated WCAG checks in two MDI screens (2.8s)
  ok  70 [chromium] › tests\browser\m10-demo.spec.ts:9:1 › authored table binds raw nested choices, formatter, and accessible labels (1.5s)
  ok  77 [chromium] › tests\browser\a11y-popup-tabs.spec.ts:200:3 › side data UI remains keyboard-operable at 320px (496ms)
  ok  78 [chromium] › tests\browser\m10-demo.spec.ts:34:1 › sort, filter, and local pages preserve RowId selection (449ms)
  ok  76 [chromium] › tests\browser\m12-shell.spec.ts:86:3 › side retries failure, cancels pending pages, and releases an independent shell (934ms)
  ok  80 [chromium] › tests\browser\m10-demo.spec.ts:58:1 › initial page choice rebinds a bounded view and keeps off-page RowId selection (335ms)
  ok  75 [chromium] › tests\browser\m10-grid.spec.ts:45:3 › side keeps fixed headings visible and the narrow document reflowed (1.7s)
  ok  82 [chromium] › tests\browser\m10-demo.spec.ts:79:1 › parsing, HTML constraints, and application validation retain invalid drafts (709ms)
  ok  83 [chromium] › tests\browser\m10-grid.spec.ts:10:3 › stack keeps grouped headings, nested choices, and MDI rows independent (423ms)
  ok  84 [chromium] › tests\browser\m10-demo.spec.ts:122:1 › nested edits and Rows add, set, remove, revert, replace, changes stay observable (827ms)
  ok  79 [chromium] › tests\browser\a11y-popup-tabs.spec.ts:175:3 › stack Form, Grid, List, and Pagination pass automated WCAG checks in two MDI screens (2.4s)
  ok  86 [chromium] › tests\browser\m10-demo.spec.ts:164:1 › required and unavailable choices validate; dispose and rebind restore the template (738ms)
  ok  87 [chromium] › tests\browser\a11y-popup-tabs.spec.ts:200:3 › stack data UI remains keyboard-operable at 320px (477ms)
  ok  81 [chromium] › tests\browser\m12-shell.spec.ts:146:3 › side preserves accessible authored empty and populated shell states at 320px (2.4s)
  ok  85 [chromium] › tests\browser\m10-grid.spec.ts:45:3 › stack keeps fixed headings visible and the narrow document reflowed (1.6s)
  ok  88 [chromium] › tests\browser\m4-screen.spec.ts:5:3 › side preserves authored HTML through search, edit, nested choice, and save (453ms)
  ok  90 [chromium] › tests\browser\m6-screen.spec.ts:5:3 › side keeps Grid, List, Select, Pagination, and Form in one row flow (617ms)
  ok  92 [chromium] › tests\browser\m4-screen.spec.ts:45:3 › side keeps two pages ID-clean and independent (383ms)
  ok  89 [chromium] › tests\browser\m12-shell.spec.ts:5:3 › stack shares one editor definition and Rows while retaining and guarding documents (936ms)
  ok  93 [chromium] › tests\browser\m6-screen.spec.ts:69:3 › side keeps two paged instances separate and ID-clean (423ms)
  ok  91 [chromium] › tests\browser\m7-screen.spec.ts:4:3 › side shares one page definition across main, Tab, and Popup (1.0s)
  ok  94 [chromium] › tests\browser\m4-screen.spec.ts:73:3 › side keeps unsaved edits when Enter is pressed in the local filter (303ms)
  ok  96 [chromium] › tests\browser\m6-screen.spec.ts:5:3 › stack keeps Grid, List, Select, Pagination, and Form in one row flow (540ms)
  ok  98 [chromium] › tests\browser\m4-screen.spec.ts:86:3 › side keeps invalid drafts by row while navigating and adding (572ms)
  ok  97 [chromium] › tests\browser\m7-screen.spec.ts:114:3 › side keeps two MDI workspaces and Popup results separate (717ms)
  ok  95 [chromium] › tests\browser\m12-shell.spec.ts:86:3 › stack retries failure, cancels pending pages, and releases an independent shell (882ms)
  ok 100 [chromium] › tests\browser\m4-screen.spec.ts:107:3 › side restores focus to a hidden row with an unavailable choice (332ms)
  ok  99 [chromium] › tests\browser\m6-screen.spec.ts:69:3 › stack keeps two paged instances separate and ID-clean (436ms)
  ok 104 [chromium] › tests\browser\m6-screen.spec.ts:92:1 › a hidden invalid Grid choice reopens its page before focusing (367ms)
  ok 105 [chromium] › tests\browser\notify.spec.ts:19:1 › notifications retain authored markup, announce through stable channels, and insert safe text without focus (121ms)
  ok 101 [chromium] › tests\browser\m7-screen.spec.ts:4:3 › stack shares one page definition across main, Tab, and Popup (911ms)
  ok 106 [chromium] › tests\browser\notify.spec.ts:75:1 › dismissal follows native keyboard activation and keeps focused removal inside the region (170ms)
  ok 108 [chromium] › tests\browser\notify.spec.ts:110:1 › dismissal skips unavailable close controls and clear remains scoped to one MDI region (122ms)
  ok 109 [chromium] › tests\browser\notify.spec.ts:139:1 › invalid notification markup and label references fail before mutation or ownership (119ms)
  ok 110 [chromium] › tests\browser\notify.spec.ts:192:1 › invalid show arguments remain atomic and disposal releases ownership and returned dismissals (111ms)
  ok 111 [chromium] › tests\browser\notify.spec.ts:228:1 › an authored notification without close controls is dismissed through its returned function (109ms)
  ok 103 [chromium] › tests\browser\m4-screen.spec.ts:122:3 › side handles empty, failed, and replaced searches (1.2s)
  ok 107 [chromium] › tests\browser\m7-screen.spec.ts:114:3 › stack keeps two MDI workspaces and Popup results separate (560ms)
  ok 114 [chromium] › tests\browser\m7-screen.spec.ts:172:1 › immediate workspace removal treats page readiness cancellation as normal (197ms)
  ok 113 [chromium] › tests\browser\m4-screen.spec.ts:144:3 › side validates hidden changes and recovers from save failure (507ms)
  ok 115 [chromium] › tests\browser\m7-screen.spec.ts:186:1 › slow Popup close and parent removal settle once and release the page (530ms)
  ok 116 [chromium] › tests\browser\m4-screen.spec.ts:5:3 › stack preserves authored HTML through search, edit, nested choice, and save (324ms)
  ok 102 [chromium] › tests\browser\m12-shell.spec.ts:146:3 › stack preserves accessible authored empty and populated shell states at 320px (2.3s)
  ok 117 [chromium] › tests\browser\page.spec.ts:3:1 › two pages keep separate roots, outputs, and reload input (169ms)
  ok 119 [chromium] › tests\browser\popup.spec.ts:3:1 › output waits for page cleanup, restores focus, and permits immediate reopening (209ms)
  ok 120 [chromium] › tests\browser\page.spec.ts:61:1 › pending initialization aborts immediately and releases resources (195ms)
  ok 118 [chromium] › tests\browser\m4-screen.spec.ts:45:3 › stack keeps two pages ID-clean and independent (413ms)
  ok 121 [chromium] › tests\browser\popup.spec.ts:67:1 › closing during initialization aborts ready but resolves an ordinary result (213ms)
  ok 112 [chromium] › tests\browser\notify.spec.ts:249:1 › notification insertion and dismissal pass automated A and AA checks (1.4s)
  ok 122 [chromium] › tests\browser\page.spec.ts:101:1 › fetched HTML has one root and duplicate IDs are rejected (224ms)
  ok 125 [chromium] › tests\browser\select-pagination.spec.ts:13:1 › Select preserves authored raw strings and generated typed choices (179ms)
  ok 124 [chromium] › tests\browser\popup.spec.ts:121:1 › native cancellation, detached host, and cleanup failure keep one terminal result (237ms)
  ok 123 [chromium] › tests\browser\m4-screen.spec.ts:73:3 › stack keeps unsaved edits when Enter is pressed in the local filter (306ms)
  ok 126 [chromium] › tests\browser\page.spec.ts:138:1 › fetched HTML rejects executable attributes before insertion (224ms)
  ok 127 [chromium] › tests\browser\select-pagination.spec.ts:52:1 › multiple Select keeps scalar identity, order, ownership, and disposal (165ms)
  ok 128 [chromium] › tests\browser\popup.spec.ts:169:1 › malformed dialogs fail synchronously and failed initialization leaves a reusable host (215ms)
  ok 130 [chromium] › tests\browser\page.spec.ts:163:1 › factory roots are checked against the insertion document (199ms)
  ok 131 [chromium] › tests\browser\select-pagination.spec.ts:94:1 › Pagination is controlled, bounded, accessible, focus-safe, and reversible (170ms)
  ok 133 [chromium] › tests\browser\page.spec.ts:190:1 › late own registration disposes a resource after cancellation (171ms)
  ok 132 [chromium] › tests\browser\popup.spec.ts:210:1 › nested popup restores focus to the next authored control when its opener disappears (204ms)
  ok 134 [chromium] › tests\browser\select-pagination.spec.ts:154:1 › Pagination rejects invalid state and repeated IDs before changing the HTML (152ms)
  ok 129 [chromium] › tests\browser\m4-screen.spec.ts:86:3 › stack keeps invalid drafts by row while navigating and adding (533ms)
  ok 135 [chromium] › tests\browser\page.spec.ts:226:1 › output stops when a listener reloads its page (179ms)
  ok 136 [chromium] › tests\browser\popup.spec.ts:238:1 › direct open-attribute removal still aborts page work and settles the result (186ms)
  ok 137 [chromium] › tests\browser\select-pagination.spec.ts:185:1 › Pagination state snapshot cannot change its internal page (174ms)
  ok 139 [chromium] › tests\browser\tabs.spec.ts:3:1 › authored tabs keep IDs, navigate manually, and isolate two instances (216ms)
  ok 138 [chromium] › tests\browser\m4-screen.spec.ts:107:3 › stack restores focus to a hidden row with an unavailable choice (318ms)
  ok 142 [chromium] › tests\browser\tabs.spec.ts:100:1 › superseded loads abort, failed pages restore the previous tab, and retry remounts (159ms)
  ok 140 [chromium] › tests\browser\popup.spec.ts:262:1 › twenty openings leave no page DOM or Popup listeners behind (523ms)
  ok 144 [chromium] › tests\browser\tabs.spec.ts:179:1 › initial failure is retryable, borrowed HTML stays, and invalid markup is rejected (150ms)
  ok 145 [chromium] › tests\browser\popup.spec.ts:316:1 › close wins over same-task output without beforetoggle notification (152ms)
  ok 141 [chromium] › tests\browser\tree-date-screen.spec.ts:5:3 › side connects Tree and DatePicker to independent CVC Forms (750ms)
  ok 147 [chromium] › tests\browser\tree.spec.ts:11:1 › Tree resolves unordered parents, binds nested text, and reuses nodes on updates (141ms)
  ok 146 [chromium] › tests\browser\tabs.spec.ts:248:1 › native Enter and Space activate once after arrow focus (340ms)
  ok 150 [chromium] › tests\browser\tabs.spec.ts:311:1 › failed cached activation is evicted and a later visit creates a fresh page (164ms)
  ok 149 [chromium] › tests\browser\tree.spec.ts:90:1 › Tree keyboard separates focus and selection and collapses focused descendants safely (220ms)
  ok 151 [chromium] › tests\browser\tabs.spec.ts:371:1 › dispose during initial loading aborts without an unhandled ready rejection (142ms)
  ok 152 [chromium] › tests\browser\tree.spec.ts:146:1 › Tree validates markup and hierarchy and rolls back failed initial binding (141ms)
  ok 154 [chromium] › tests\browser\tree.spec.ts:217:1 › Tree keeps the last valid DOM on hierarchy and formatter failures and recovers (138ms)
  ok 153 [chromium] › tests\browser\tabs.spec.ts:418:1 › superseding a slow deactivation retains the previous controller for revisit (146ms)
  ok 143 [chromium] › tests\browser\m4-screen.spec.ts:122:3 › stack handles empty, failed, and replaced searches (1.2s)
  ok 155 [chromium] › tests\browser\tree.spec.ts:261:1 › two Trees keep generated label IDs unique and their state independent (157ms)
  ok 157 [chromium] › tests\browser\tree.spec.ts:300:1 › Tree can reverse prior DOM ancestry while keeping RowIds and selected focus (136ms)
  ok 156 [chromium] › tests\browser\m4-screen.spec.ts:144:3 › stack validates hidden changes and recovers from save failure (466ms)
  ok 158 [chromium] › tests\browser\tree.spec.ts:330:1 › Tree measured binding updates preserve records for 1,000 flat and nested rows (327ms)
  ok 159 [chromium] › tests\browser\m4-screen.spec.ts:171:1 › a saved insert is not resent when the post-save refresh fails (353ms)
  ok 160 [chromium] › tests\browser\tree.spec.ts:370:1 › Tree handles a deep hierarchy without recursive traversal (231ms)
  ok 148 [chromium] › tests\browser\tree-date-screen.spec.ts:80:3 › side keeps authored MDI labels clean through modal use and repeated disposal (1.9s)
  ok 162 [chromium] › tests\browser\tree.spec.ts:395:1 › authored Tree states pass automated A and AA checks (748ms)
  ok 161 [chromium] › tests\browser\m4-screen.spec.ts:192:1 › save locks editing while keeping Close available and aborts after removal (929ms)
  ok 163 [chromium] › tests\browser\tree-date-screen.spec.ts:5:3 › stack connects Tree and DatePicker to independent CVC Forms (609ms)
  ok 164 [chromium] › tests\browser\m4-screen.spec.ts:214:1 › the development mock rejects an entire conflicting save (147ms)
  ok 166 [chromium] › tests\browser\m4-screen.spec.ts:233:1 › closing during a delayed search does not update a removed page (935ms)
  ok 167 [chromium] › tests\browser\m4-screen.spec.ts:246:1 › server HTML runs the same employee controller in two ID-clean pages (371ms)
  ok 165 [chromium] › tests\browser\tree-date-screen.spec.ts:80:3 › stack keeps authored MDI labels clean through modal use and repeated disposal (1.6s)

  167 passed (22.8s)
