
> @bbalganjjm/natural_js@2.0.0-beta.0 test:browser
> playwright test -c tests/playwright.config.ts --project webkit --output node_modules/.cache/m12-final-webkit


Running 167 tests using 4 workers

(node:10112) Warning: The 'NO_COLOR' env is ignored due to the 'FORCE_COLOR' env being set.
(Use `node --trace-warnings ...` to show where the warning was created)
(node:16424) Warning: The 'NO_COLOR' env is ignored due to the 'FORCE_COLOR' env being set.
(Use `node --trace-warnings ...` to show where the warning was created)
(node:20884) Warning: The 'NO_COLOR' env is ignored due to the 'FORCE_COLOR' env being set.
(Use `node --trace-warnings ...` to show where the warning was created)
(node:16840) Warning: The 'NO_COLOR' env is ignored due to the 'FORCE_COLOR' env being set.
(Use `node --trace-warnings ...` to show where the warning was created)
  ok   3 [webkit] › tests\browser\documents.spec.ts:21:1 › documents reuse keys, reload with the original factory, isolate MDI, and restore authored markup (1.2s)
  ok   1 [webkit] › tests\browser\form-m6.spec.ts:3:1 › Form keeps choice groups raw, accessible, and scoped to their MDI forms (1.4s)
  ok   4 [webkit] › tests\browser\datepicker.spec.ts:24:1 › DatePicker compiles authored weeks once and restores markup, IDs, and ownership (777ms)
  ok   2 [webkit] › tests\browser\a11y-popup-tabs.spec.ts:66:1 › native Popup keeps keyboard focus inside and Escape restores the opener (1.5s)
  ok   6 [webkit] › tests\browser\form-m6.spec.ts:99:1 › local Form reads group values and rejects ambiguous declarations (628ms)
  ok   5 [webkit] › tests\browser\documents.spec.ts:84:1 › malformed page handles release their partial work and Tabs restores authored alert nodes (673ms)
  ok   7 [webkit] › tests\browser\datepicker.spec.ts:61:1 › calendar keyboard preserves leap-day intent, week order, selection, and roving focus (1.2s)
  ok  10 [webkit] › tests\browser\documents.spec.ts:152:1 › close during reload waits for the original page cleanup before removing its panel (681ms)
  ok   9 [webkit] › tests\browser\form.spec.ts:3:1 › Form keeps invalid edits out of Rows and exposes authored errors accessibly (773ms)
  ok   8 [webkit] › tests\browser\a11y-popup-tabs.spec.ts:99:1 › two MDI workspaces keep unique IDs and resolvable ARIA references (1.5s)
  ok  11 [webkit] › tests\browser\datepicker.spec.ts:95:1 › limits constrain keyboard and pointer selection without emitting programmatic changes (625ms)
  ok  13 [webkit] › tests\browser\form.spec.ts:106:1 › local Form reads nested fields and row validation leaves another bound row alone (788ms)
  ok  12 [webkit] › tests\browser\documents.spec.ts:188:1 › superseded documents abort, failures recover the previous page, and retained entries retry (845ms)
  ok  14 [webkit] › tests\browser\a11y-popup-tabs.spec.ts:112:1 › vertical Tabs skip disabled buttons and keep manual activation (895ms)
  ok  15 [webkit] › tests\browser\datepicker.spec.ts:134:1 › Monday weeks and extreme years use UTC calendar days across daylight-saving dates (731ms)
  ok  17 [webkit] › tests\browser\documents.spec.ts:235:1 › close guards deduplicate, refusal and errors preserve pages, and disposal cancels a pending guard (620ms)
  ok  16 [webkit] › tests\browser\form.spec.ts:147:1 › Form retains invalid drafts by row and resolves cross-field candidates (639ms)
  ok  19 [webkit] › tests\browser\datepicker.spec.ts:169:1 › locale labels retain the Gregorian ISO calendar (593ms)
  ok  20 [webkit] › tests\browser\documents.spec.ts:296:1 › closing an inactive document does not wait for or cancel another pending selection (518ms)
  ok  21 [webkit] › tests\browser\form.spec.ts:211:1 › built-in Form rules keep raw values and direct fill replaces formatted text (804ms)
  ok  23 [webkit] › tests\browser\documents.spec.ts:326:1 › a present close guard must explicitly return a boolean before a document is removed (480ms)
  ok  22 [webkit] › tests\browser\datepicker.spec.ts:192:1 › invalid dates, locale, markup, and repeated IDs fail before changing authored nodes (649ms)
  ok  24 [webkit] › tests\browser\form.spec.ts:241:1 › parser failures retain drafts and null raw values can format (510ms)
  ok  26 [webkit] › tests\browser\datepicker.spec.ts:229:1 › application date selection updates nested Form rows through native input events (524ms)
  ok  27 [webkit] › tests\browser\form.spec.ts:291:1 › local file input validates its filename and row-bound file input fails clearly (669ms)
  ok  29 [webkit] › tests\browser\form.spec.ts:342:1 › built-in required rejects an unchecked checkbox and custom required can override it (504ms)
  ok  18 [webkit] › tests\browser\a11y-popup-tabs.spec.ts:160:3 › side MDI and open Popup pass automated WCAG-tagged checks (3.6s)
  ok  30 [webkit] › tests\browser\form.spec.ts:376:1 › visible and hidden Form drafts obey native text length constraints (826ms)
  ok  25 [webkit] › tests\browser\documents.spec.ts:353:1 › horizontal document keyboard activation, contextual close names, empty focus, and ARIA remain accessible (2.5s)
  ok  32 [webkit] › tests\browser\form.spec.ts:413:1 › Form clears a committed draft after a subscriber error but keeps a rejected draft (680ms)
  ok  34 [webkit] › tests\browser\form.spec.ts:469:1 › Form rejects display formatters on controls without text display semantics (818ms)
  ok  28 [webkit] › tests\browser\datepicker.spec.ts:259:1 › authored calendar exposes an accessible grid before and after keyboard navigation (3.6s)
  ok  36 [webkit] › tests\browser\grid-initial-page.spec.ts:13:1 › initialPage renders only its slice, copies input, clamps, and preserves the no-option default (637ms)
  ok  35 [webkit] › tests\browser\form.spec.ts:491:1 › hidden Form length checks use entered text before parsing (1.0s)
  ok  37 [webkit] › tests\browser\grid-initial-page.spec.ts:77:1 › invalid initialPage leaves authored template and Select ownership untouched; setPage failure is atomic (529ms)
  ok  38 [webkit] › tests\browser\form.spec.ts:526:1 › external Rows.set clears stale Form errors without running validators in its subscriber (561ms)
  ok  33 [webkit] › tests\browser\documents.spec.ts:353:1 › vertical document keyboard activation, contextual close names, empty focus, and ARIA remain accessible (3.1s)
  ok  39 [webkit] › tests\browser\grid-initial-page.spec.ts:128:1 › initialPage keeps off-page identity and validation while deferring invalid row options (564ms)
  ok  40 [webkit] › tests\browser\form.spec.ts:578:1 › untouched stored text has the same visible and hidden length result (670ms)
  ok  41 [webkit] › tests\browser\documents.spec.ts:388:1 › invalid repeated templates fail atomically before binding and the root can be corrected (584ms)
  ok  42 [webkit] › tests\browser\grid-initial-page.spec.ts:181:1 › two initial-page Grids keep nested choices and generated error IDs isolated, then rebind cleanly (565ms)
  ok  43 [webkit] › tests\browser\form.spec.ts:602:1 › validate commits a draft made valid by an external row update without rebinding (511ms)
  ok  44 [webkit] › tests\browser\grid-lifetime.spec.ts:13:1 › Grid releases visited pages while restoring the selected row, draft, and error (610ms)
  ok  31 [webkit] › tests\browser\a11y-popup-tabs.spec.ts:160:3 › stack MDI and open Popup pass automated WCAG-tagged checks (4.7s)
  ok  45 [webkit] › tests\browser\grid-initial-page.spec.ts:243:1 › off-page formatter failure rolls back page and releases its new Select before retry (630ms)
  ok  46 [webkit] › tests\browser\grid-m6.spec.ts:14:1 › Grid text and checkbox edits keep typed nested raw values (904ms)
  ok  47 [webkit] › tests\browser\grid-lifetime.spec.ts:105:1 › offscreen validation text clears on external set, revert, remove, and replace (763ms)
  ok  49 [webkit] › tests\browser\grid-initial-page.spec.ts:299:1 › off-page Select option failure rolls back and releases its new clone before retry (739ms)
  ok  50 [webkit] › tests\browser\grid-m6.spec.ts:61:1 › Grid parse failure stays with RowId through paging and clears on revert (630ms)
  ok  51 [webkit] › tests\browser\grid.spec.ts:12:1 › nested row options keep raw values, row identity, and native table markup (615ms)
  ok  52 [webkit] › tests\browser\grid-initial-page.spec.ts:350:1 › initial-page draft and focus survive a page-away and return without duplicate IDs (519ms)
  ok  54 [webkit] › tests\browser\grid.spec.ts:103:1 › a repeated fixed id is rejected before cloning (599ms)
  ok  53 [webkit] › tests\browser\grid-m6.spec.ts:118:1 › Grid sort and page state use authored headings and restore focus (639ms)
  ok  55 [webkit] › tests\browser\import.spec.ts:3:1 › ESM package loads in two authored views without duplicate IDs (704ms)
  ok  57 [webkit] › tests\browser\grid-m6.spec.ts:163:1 › Grid rejects ambiguous controls before changing authored markup (415ms)
  ok  56 [webkit] › tests\browser\grid.spec.ts:123:1 › nested field paths preserve a number apart from the same DOM string (456ms)
  ok  58 [webkit] › tests\browser\list.spec.ts:13:1 › authored list keeps nested raw choices and RowId selection through sort, filter, and page (638ms)
  ok  60 [webkit] › tests\browser\grid.spec.ts:166:1 › rule arguments fail before binding and custom Grid rules run (471ms)
  ok  59 [webkit] › tests\browser\grid-m6.spec.ts:195:1 › Form and Grid parsers see one unparsed input snapshot (591ms)
  ok  62 [webkit] › tests\browser\grid.spec.ts:196:1 › formatted text, validators, and cloned error regions stay accessible across filtering (555ms)
  ok  63 [webkit] › tests\browser\grid-m6.spec.ts:240:1 › Grid and List keep keyboard focus when a disabled row leaves the page (529ms)
  ok  61 [webkit] › tests\browser\list.spec.ts:101:1 › List validates hidden rows and links errors without changing raw data (680ms)
  ok  64 [webkit] › tests\browser\grid.spec.ts:258:1 › failed Select edits stay with RowId and clear on revert, remove, and replace (415ms)
  ok  65 [webkit] › tests\browser\list.spec.ts:164:1 › List rejects duplicate template IDs before mutation (481ms)
  ok  68 [webkit] › tests\browser\list.spec.ts:184:1 › List multiple Select validation requires a raw array (542ms)
  ok  67 [webkit] › tests\browser\grid.spec.ts:349:1 › external row updates do not run user validators after the value commits (725ms)
  ok  66 [webkit] › tests\browser\m10-agent-screen.spec.ts:57:1 › a docs-first authored Grid keeps row identity and drafts across local views (1.2s)
  ok  70 [webkit] › tests\browser\grid.spec.ts:382:1 › cross-field Select drafts validate together and commit on change or explicit validation (662ms)
  ok  48 [webkit] › tests\browser\a11y-popup-tabs.spec.ts:175:3 › side Form, Grid, List, and Pagination pass automated WCAG checks in two MDI screens (5.4s)
  ok  72 [webkit] › tests\browser\grid.spec.ts:448:1 › programmatic lengths, checkbox state, stale errors, and unsupported inputs are explicit (466ms)
  ok  71 [webkit] › tests\browser\m10-grid.spec.ts:10:3 › side keeps grouped headings, nested choices, and MDI rows independent (1.3s)
  ok  73 [webkit] › tests\browser\a11y-popup-tabs.spec.ts:200:3 › side data UI remains keyboard-operable at 320px (882ms)
  ok  74 [webkit] › tests\browser\grid.spec.ts:521:1 › a thrown Select validator keeps its draft until explicit validation succeeds (656ms)
  ok  69 [webkit] › tests\browser\m10-demo.spec.ts:9:1 › authored table binds raw nested choices, formatter, and accessible labels (2.9s)
  ok  78 [webkit] › tests\browser\m10-demo.spec.ts:34:1 › sort, filter, and local pages preserve RowId selection (910ms)
  ok  75 [webkit] › tests\browser\m10-grid.spec.ts:45:3 › side keeps fixed headings visible and the narrow document reflowed (2.5s)
  ok  77 [webkit] › tests\browser\m12-shell.spec.ts:5:3 › side shares one editor definition and Rows while retaining and guarding documents (2.4s)
  ok  79 [webkit] › tests\browser\m10-demo.spec.ts:58:1 › initial page choice rebinds a bounded view and keeps off-page RowId selection (843ms)
  ok  80 [webkit] › tests\browser\m10-grid.spec.ts:10:3 › stack keeps grouped headings, nested choices, and MDI rows independent (1.0s)
  ok  76 [webkit] › tests\browser\a11y-popup-tabs.spec.ts:175:3 › stack Form, Grid, List, and Pagination pass automated WCAG checks in two MDI screens (4.0s)
  ok  81 [webkit] › tests\browser\m12-shell.spec.ts:86:3 › side retries failure, cancels pending pages, and releases an independent shell (2.2s)
  ok  82 [webkit] › tests\browser\m10-demo.spec.ts:79:1 › parsing, HTML constraints, and application validation retain invalid drafts (1.8s)
  ok  84 [webkit] › tests\browser\a11y-popup-tabs.spec.ts:200:3 › stack data UI remains keyboard-operable at 320px (711ms)
  ok  87 [webkit] › tests\browser\m4-screen.spec.ts:5:3 › side preserves authored HTML through search, edit, nested choice, and save (847ms)
  ok  83 [webkit] › tests\browser\m10-grid.spec.ts:45:3 › stack keeps fixed headings visible and the narrow document reflowed (2.6s)
  ok  88 [webkit] › tests\browser\m4-screen.spec.ts:45:3 › side keeps two pages ID-clean and independent (1.0s)
  ok  89 [webkit] › tests\browser\m6-screen.spec.ts:5:3 › side keeps Grid, List, Select, Pagination, and Form in one row flow (1.0s)
  ok  86 [webkit] › tests\browser\m10-demo.spec.ts:122:1 › nested edits and Rows add, set, remove, revert, replace, changes stay observable (2.5s)
  ok  90 [webkit] › tests\browser\m4-screen.spec.ts:73:3 › side keeps unsaved edits when Enter is pressed in the local filter (736ms)
  ok  91 [webkit] › tests\browser\m6-screen.spec.ts:69:3 › side keeps two paged instances separate and ID-clean (1.2s)
  ok  93 [webkit] › tests\browser\m4-screen.spec.ts:86:3 › side keeps invalid drafts by row while navigating and adding (1.7s)
  ok  85 [webkit] › tests\browser\m12-shell.spec.ts:146:3 › side preserves accessible authored empty and populated shell states at 320px (4.5s)
  ok  92 [webkit] › tests\browser\m10-demo.spec.ts:164:1 › required and unavailable choices validate; dispose and rebind restore the template (2.1s)
  ok  94 [webkit] › tests\browser\m6-screen.spec.ts:5:3 › stack keeps Grid, List, Select, Pagination, and Form in one row flow (1.1s)
  ok  95 [webkit] › tests\browser\m4-screen.spec.ts:107:3 › side restores focus to a hidden row with an unavailable choice (725ms)
  ok  98 [webkit] › tests\browser\m6-screen.spec.ts:69:3 › stack keeps two paged instances separate and ID-clean (1.2s)
  ok 100 [webkit] › tests\browser\m6-screen.spec.ts:92:1 › a hidden invalid Grid choice reopens its page before focusing (760ms)
  ok  96 [webkit] › tests\browser\m12-shell.spec.ts:5:3 › stack shares one editor definition and Rows while retaining and guarding documents (2.6s)
  ok 101 [webkit] › tests\browser\notify.spec.ts:19:1 › notifications retain authored markup, announce through stable channels, and insert safe text without focus (251ms)
  ok  99 [webkit] › tests\browser\m4-screen.spec.ts:122:3 › side handles empty, failed, and replaced searches (2.1s)
  ok  97 [webkit] › tests\browser\m7-screen.spec.ts:4:3 › side shares one page definition across main, Tab, and Popup (2.7s)
  ok 103 [webkit] › tests\browser\notify.spec.ts:75:1 › dismissal follows native keyboard activation and keeps focused removal inside the region (543ms)
  ok 106 [webkit] › tests\browser\notify.spec.ts:110:1 › dismissal skips unavailable close controls and clear remains scoped to one MDI region (413ms)
  ok 107 [webkit] › tests\browser\notify.spec.ts:139:1 › invalid notification markup and label references fail before mutation or ownership (285ms)
  ok 108 [webkit] › tests\browser\notify.spec.ts:192:1 › invalid show arguments remain atomic and disposal releases ownership and returned dismissals (299ms)
  ok 104 [webkit] › tests\browser\m4-screen.spec.ts:144:3 › side validates hidden changes and recovers from save failure (1.5s)
  ok 109 [webkit] › tests\browser\notify.spec.ts:228:1 › an authored notification without close controls is dismissed through its returned function (334ms)
  ok 105 [webkit] › tests\browser\m7-screen.spec.ts:114:3 › side keeps two MDI workspaces and Popup results separate (1.9s)
  ok 102 [webkit] › tests\browser\m12-shell.spec.ts:86:3 › stack retries failure, cancels pending pages, and releases an independent shell (2.4s)
  ok 110 [webkit] › tests\browser\m4-screen.spec.ts:5:3 › stack preserves authored HTML through search, edit, nested choice, and save (759ms)
  ok 114 [webkit] › tests\browser\m4-screen.spec.ts:45:3 › stack keeps two pages ID-clean and independent (830ms)
  ok 115 [webkit] › tests\browser\m4-screen.spec.ts:73:3 › stack keeps unsaved edits when Enter is pressed in the local filter (594ms)
  ok 111 [webkit] › tests\browser\notify.spec.ts:249:1 › notification insertion and dismissal pass automated A and AA checks (2.1s)
  ok 117 [webkit] › tests\browser\page.spec.ts:3:1 › two pages keep separate roots, outputs, and reload input (350ms)
  ok 112 [webkit] › tests\browser\m7-screen.spec.ts:4:3 › stack shares one page definition across main, Tab, and Popup (2.3s)
  ok 118 [webkit] › tests\browser\page.spec.ts:61:1 › pending initialization aborts immediately and releases resources (338ms)
  ok 116 [webkit] › tests\browser\m4-screen.spec.ts:86:3 › stack keeps invalid drafts by row while navigating and adding (1.2s)
  ok 120 [webkit] › tests\browser\page.spec.ts:101:1 › fetched HTML has one root and duplicate IDs are rejected (437ms)
  ok 122 [webkit] › tests\browser\page.spec.ts:138:1 › fetched HTML rejects executable attributes before insertion (598ms)
  ok 121 [webkit] › tests\browser\m4-screen.spec.ts:107:3 › stack restores focus to a hidden row with an unavailable choice (755ms)
  ok 123 [webkit] › tests\browser\page.spec.ts:163:1 › factory roots are checked against the insertion document (777ms)
  ok 113 [webkit] › tests\browser\m12-shell.spec.ts:146:3 › stack preserves accessible authored empty and populated shell states at 320px (4.4s)
  ok 119 [webkit] › tests\browser\m7-screen.spec.ts:114:3 › stack keeps two MDI workspaces and Popup results separate (2.1s)
  ok 125 [webkit] › tests\browser\page.spec.ts:190:1 › late own registration disposes a resource after cancellation (538ms)
  ok 126 [webkit] › tests\browser\popup.spec.ts:3:1 › output waits for page cleanup, restores focus, and permits immediate reopening (641ms)
  ok 127 [webkit] › tests\browser\m7-screen.spec.ts:172:1 › immediate workspace removal treats page readiness cancellation as normal (662ms)
  ok 128 [webkit] › tests\browser\page.spec.ts:226:1 › output stops when a listener reloads its page (820ms)
  ok 129 [webkit] › tests\browser\popup.spec.ts:67:1 › closing during initialization aborts ready but resolves an ordinary result (659ms)
  ok 131 [webkit] › tests\browser\select-pagination.spec.ts:13:1 › Select preserves authored raw strings and generated typed choices (540ms)
  ok 124 [webkit] › tests\browser\m4-screen.spec.ts:122:3 › stack handles empty, failed, and replaced searches (2.7s)
  ok 132 [webkit] › tests\browser\popup.spec.ts:121:1 › native cancellation, detached host, and cleanup failure keep one terminal result (555ms)
  ok 133 [webkit] › tests\browser\select-pagination.spec.ts:52:1 › multiple Select keeps scalar identity, order, ownership, and disposal (882ms)
  ok 135 [webkit] › tests\browser\popup.spec.ts:169:1 › malformed dialogs fail synchronously and failed initialization leaves a reusable host (783ms)
  ok 130 [webkit] › tests\browser\m7-screen.spec.ts:186:1 › slow Popup close and parent removal settle once and release the page (2.4s)
  ok 136 [webkit] › tests\browser\select-pagination.spec.ts:94:1 › Pagination is controlled, bounded, accessible, focus-safe, and reversible (559ms)
  ok 137 [webkit] › tests\browser\popup.spec.ts:210:1 › nested popup restores focus to the next authored control when its opener disappears (655ms)
  ok 139 [webkit] › tests\browser\select-pagination.spec.ts:154:1 › Pagination rejects invalid state and repeated IDs before changing the HTML (629ms)
  ok 138 [webkit] › tests\browser\tabs.spec.ts:3:1 › authored tabs keep IDs, navigate manually, and isolate two instances (793ms)
  ok 134 [webkit] › tests\browser\m4-screen.spec.ts:144:3 › stack validates hidden changes and recovers from save failure (2.2s)
  ok 140 [webkit] › tests\browser\popup.spec.ts:238:1 › direct open-attribute removal still aborts page work and settles the result (744ms)
  ok 141 [webkit] › tests\browser\select-pagination.spec.ts:185:1 › Pagination state snapshot cannot change its internal page (868ms)
  ok 142 [webkit] › tests\browser\tabs.spec.ts:100:1 › superseded loads abort, failed pages restore the previous tab, and retry remounts (898ms)
  ok 144 [webkit] › tests\browser\popup.spec.ts:262:1 › twenty openings leave no page DOM or Popup listeners behind (1.0s)
  ok 146 [webkit] › tests\browser\tabs.spec.ts:179:1 › initial failure is retryable, borrowed HTML stays, and invalid markup is rejected (892ms)
  ok 147 [webkit] › tests\browser\popup.spec.ts:316:1 › close wins over same-task output without beforetoggle notification (786ms)
  ok 143 [webkit] › tests\browser\m4-screen.spec.ts:171:1 › a saved insert is not resent when the post-save refresh fails (2.1s)
  ok 149 [webkit] › tests\browser\tree.spec.ts:11:1 › Tree resolves unordered parents, binds nested text, and reuses nodes on updates (1.0s)
  ok 148 [webkit] › tests\browser\tabs.spec.ts:248:1 › native Enter and Space activate once after arrow focus (1.5s)
  ok 145 [webkit] › tests\browser\tree-date-screen.spec.ts:5:3 › side connects Tree and DatePicker to independent CVC Forms (3.2s)
  ok 151 [webkit] › tests\browser\tree.spec.ts:90:1 › Tree keyboard separates focus and selection and collapses focused descendants safely (1.4s)
  ok 152 [webkit] › tests\browser\tabs.spec.ts:311:1 › failed cached activation is evicted and a later visit creates a fresh page (1.6s)
  ok 150 [webkit] › tests\browser\m4-screen.spec.ts:192:1 › save locks editing while keeping Close available and aborts after removal (3.1s)
  ok 154 [webkit] › tests\browser\tree.spec.ts:146:1 › Tree validates markup and hierarchy and rolls back failed initial binding (1.1s)
  ok 155 [webkit] › tests\browser\tabs.spec.ts:371:1 › dispose during initial loading aborts without an unhandled ready rejection (1.4s)
  ok 156 [webkit] › tests\browser\m4-screen.spec.ts:214:1 › the development mock rejects an entire conflicting save (1.2s)
  ok 157 [webkit] › tests\browser\tree.spec.ts:217:1 › Tree keeps the last valid DOM on hierarchy and formatter failures and recovers (1.2s)
  ok 158 [webkit] › tests\browser\tabs.spec.ts:418:1 › superseding a slow deactivation retains the previous controller for revisit (1.1s)
  ok 160 [webkit] › tests\browser\tree.spec.ts:261:1 › two Trees keep generated label IDs unique and their state independent (886ms)
  ok 161 [webkit] › tests\browser\tree.spec.ts:300:1 › Tree can reverse prior DOM ancestry while keeping RowIds and selected focus (534ms)
  ok 159 [webkit] › tests\browser\m4-screen.spec.ts:233:1 › closing during a delayed search does not update a removed page (2.2s)
  ok 162 [webkit] › tests\browser\tree.spec.ts:330:1 › Tree measured binding updates preserve records for 1,000 flat and nested rows (1.4s)
  ok 164 [webkit] › tests\browser\tree.spec.ts:370:1 › Tree handles a deep hierarchy without recursive traversal (635ms)
  ok 163 [webkit] › tests\browser\m4-screen.spec.ts:246:1 › server HTML runs the same employee controller in two ID-clean pages (1.8s)
  ok 153 [webkit] › tests\browser\tree-date-screen.spec.ts:80:3 › side keeps authored MDI labels clean through modal use and repeated disposal (6.7s)
  ok 165 [webkit] › tests\browser\tree.spec.ts:395:1 › authored Tree states pass automated A and AA checks (1.7s)
  ok 166 [webkit] › tests\browser\tree-date-screen.spec.ts:5:3 › stack connects Tree and DatePicker to independent CVC Forms (2.0s)
  ok 167 [webkit] › tests\browser\tree-date-screen.spec.ts:80:3 › stack keeps authored MDI labels clean through modal use and repeated disposal (4.3s)

  167 passed (59.9s)
