
> @bbalganjjm/natural_js@2.0.0-beta.0 test:browser
> playwright test -c tests/playwright.config.ts --project firefox --output node_modules/.cache/m12-final-firefox


Running 167 tests using 4 workers

(node:23216) Warning: The 'NO_COLOR' env is ignored due to the 'FORCE_COLOR' env being set.
(Use `node --trace-warnings ...` to show where the warning was created)
(node:7832) Warning: The 'NO_COLOR' env is ignored due to the 'FORCE_COLOR' env being set.
(Use `node --trace-warnings ...` to show where the warning was created)
(node:14948) Warning: The 'NO_COLOR' env is ignored due to the 'FORCE_COLOR' env being set.
(Use `node --trace-warnings ...` to show where the warning was created)
(node:20860) Warning: The 'NO_COLOR' env is ignored due to the 'FORCE_COLOR' env being set.
(Use `node --trace-warnings ...` to show where the warning was created)
  ok   3 [firefox] › tests\browser\documents.spec.ts:21:1 › documents reuse keys, reload with the original factory, isolate MDI, and restore authored markup (2.9s)
  ok   2 [firefox] › tests\browser\datepicker.spec.ts:24:1 › DatePicker compiles authored weeks once and restores markup, IDs, and ownership (2.7s)
  ok   1 [firefox] › tests\browser\form-m6.spec.ts:3:1 › Form keeps choice groups raw, accessible, and scoped to their MDI forms (4.3s)
  ok   4 [firefox] › tests\browser\a11y-popup-tabs.spec.ts:66:1 › native Popup keeps keyboard focus inside and Escape restores the opener (4.9s)
  ok   7 [firefox] › tests\browser\form-m6.spec.ts:99:1 › local Form reads group values and rejects ambiguous declarations (1.5s)
  ok   5 [firefox] › tests\browser\documents.spec.ts:84:1 › malformed page handles release their partial work and Tabs restores authored alert nodes (2.7s)
  ok   6 [firefox] › tests\browser\datepicker.spec.ts:61:1 › calendar keyboard preserves leap-day intent, week order, selection, and roving focus (2.7s)
  ok  10 [firefox] › tests\browser\documents.spec.ts:152:1 › close during reload waits for the original page cleanup before removing its panel (537ms)
  ok   9 [firefox] › tests\browser\form.spec.ts:3:1 › Form keeps invalid edits out of Rows and exposes authored errors accessibly (872ms)
  ok  11 [firefox] › tests\browser\datepicker.spec.ts:95:1 › limits constrain keyboard and pointer selection without emitting programmatic changes (738ms)
  ok  13 [firefox] › tests\browser\form.spec.ts:106:1 › local Form reads nested fields and row validation leaves another bound row alone (556ms)
  ok  12 [firefox] › tests\browser\documents.spec.ts:188:1 › superseded documents abort, failures recover the previous page, and retained entries retry (725ms)
  ok  14 [firefox] › tests\browser\datepicker.spec.ts:134:1 › Monday weeks and extreme years use UTC calendar days across daylight-saving dates (606ms)
  ok  16 [firefox] › tests\browser\documents.spec.ts:235:1 › close guards deduplicate, refusal and errors preserve pages, and disposal cancels a pending guard (623ms)
  ok  15 [firefox] › tests\browser\form.spec.ts:147:1 › Form retains invalid drafts by row and resolves cross-field candidates (812ms)
  ok  18 [firefox] › tests\browser\documents.spec.ts:296:1 › closing an inactive document does not wait for or cancel another pending selection (503ms)
  ok  17 [firefox] › tests\browser\datepicker.spec.ts:169:1 › locale labels retain the Gregorian ISO calendar (726ms)
  ok  19 [firefox] › tests\browser\form.spec.ts:211:1 › built-in Form rules keep raw values and direct fill replaces formatted text (957ms)
  ok  20 [firefox] › tests\browser\documents.spec.ts:326:1 › a present close guard must explicitly return a boolean before a document is removed (616ms)
  ok  21 [firefox] › tests\browser\datepicker.spec.ts:192:1 › invalid dates, locale, markup, and repeated IDs fail before changing authored nodes (1.0s)
  ok  22 [firefox] › tests\browser\form.spec.ts:241:1 › parser failures retain drafts and null raw values can format (749ms)
  ok  25 [firefox] › tests\browser\form.spec.ts:291:1 › local file input validates its filename and row-bound file input fails clearly (981ms)
  ok  24 [firefox] › tests\browser\datepicker.spec.ts:229:1 › application date selection updates nested Form rows through native input events (1.2s)
  ok  26 [firefox] › tests\browser\form.spec.ts:342:1 › built-in required rejects an unchecked checkbox and custom required can override it (647ms)
  ok  23 [firefox] › tests\browser\documents.spec.ts:353:1 › horizontal document keyboard activation, contextual close names, empty focus, and ARIA remain accessible (3.4s)
  ok   8 [firefox] › tests\browser\a11y-popup-tabs.spec.ts:99:1 › two MDI workspaces keep unique IDs and resolvable ARIA references (8.4s)
  ok  28 [firefox] › tests\browser\form.spec.ts:376:1 › visible and hidden Form drafts obey native text length constraints (2.3s)
  ok  30 [firefox] › tests\browser\a11y-popup-tabs.spec.ts:112:1 › vertical Tabs skip disabled buttons and keep manual activation (882ms)
  ok  27 [firefox] › tests\browser\datepicker.spec.ts:259:1 › authored calendar exposes an accessible grid before and after keyboard navigation (3.5s)
  ok  31 [firefox] › tests\browser\form.spec.ts:413:1 › Form clears a committed draft after a subscriber error but keeps a rejected draft (997ms)
  ok  33 [firefox] › tests\browser\grid-initial-page.spec.ts:13:1 › initialPage renders only its slice, copies input, clamps, and preserves the no-option default (820ms)
  ok  29 [firefox] › tests\browser\documents.spec.ts:353:1 › vertical document keyboard activation, contextual close names, empty focus, and ARIA remain accessible (2.9s)
  ok  34 [firefox] › tests\browser\form.spec.ts:469:1 › Form rejects display formatters on controls without text display semantics (922ms)
  ok  37 [firefox] › tests\browser\form.spec.ts:491:1 › hidden Form length checks use entered text before parsing (968ms)
  ok  38 [firefox] › tests\browser\form.spec.ts:526:1 › external Rows.set clears stale Form errors without running validators in its subscriber (550ms)
  ok  32 [firefox] › tests\browser\a11y-popup-tabs.spec.ts:160:3 › side MDI and open Popup pass automated WCAG-tagged checks (3.5s)
  ok  39 [firefox] › tests\browser\form.spec.ts:578:1 › untouched stored text has the same visible and hidden length result (537ms)
  ok  35 [firefox] › tests\browser\grid-initial-page.spec.ts:77:1 › invalid initialPage leaves authored template and Select ownership untouched; setPage failure is atomic (2.6s)
  ok  36 [firefox] › tests\browser\documents.spec.ts:388:1 › invalid repeated templates fail atomically before binding and the root can be corrected (2.5s)
  ok  41 [firefox] › tests\browser\form.spec.ts:602:1 › validate commits a draft made valid by an external row update without rebinding (739ms)
  ok  42 [firefox] › tests\browser\grid-initial-page.spec.ts:128:1 › initialPage keeps off-page identity and validation while deferring invalid row options (739ms)
  ok  43 [firefox] › tests\browser\grid-lifetime.spec.ts:13:1 › Grid releases visited pages while restoring the selected row, draft, and error (1.0s)
  ok  45 [firefox] › tests\browser\grid-initial-page.spec.ts:181:1 › two initial-page Grids keep nested choices and generated error IDs isolated, then rebind cleanly (544ms)
  ok  44 [firefox] › tests\browser\grid-m6.spec.ts:14:1 › Grid text and checkbox edits keep typed nested raw values (730ms)
  ok  46 [firefox] › tests\browser\grid-lifetime.spec.ts:105:1 › offscreen validation text clears on external set, revert, remove, and replace (619ms)
  ok  47 [firefox] › tests\browser\grid-initial-page.spec.ts:243:1 › off-page formatter failure rolls back page and releases its new Select before retry (751ms)
  ok  48 [firefox] › tests\browser\grid-m6.spec.ts:61:1 › Grid parse failure stays with RowId through paging and clears on revert (769ms)
  ok  49 [firefox] › tests\browser\grid.spec.ts:12:1 › nested row options keep raw values, row identity, and native table markup (805ms)
  ok  50 [firefox] › tests\browser\grid-initial-page.spec.ts:299:1 › off-page Select option failure rolls back and releases its new clone before retry (684ms)
  ok  51 [firefox] › tests\browser\grid-m6.spec.ts:118:1 › Grid sort and page state use authored headings and restore focus (916ms)
  ok  52 [firefox] › tests\browser\grid.spec.ts:103:1 › a repeated fixed id is rejected before cloning (717ms)
  ok  40 [firefox] › tests\browser\a11y-popup-tabs.spec.ts:160:3 › stack MDI and open Popup pass automated WCAG-tagged checks (3.8s)
  ok  53 [firefox] › tests\browser\grid-initial-page.spec.ts:350:1 › initial-page draft and focus survive a page-away and return without duplicate IDs (993ms)
  ok  55 [firefox] › tests\browser\grid.spec.ts:123:1 › nested field paths preserve a number apart from the same DOM string (767ms)
  ok  57 [firefox] › tests\browser\import.spec.ts:3:1 › ESM package loads in two authored views without duplicate IDs (879ms)
  ok  58 [firefox] › tests\browser\grid.spec.ts:166:1 › rule arguments fail before binding and custom Grid rules run (707ms)
  ok  59 [firefox] › tests\browser\list.spec.ts:13:1 › authored list keeps nested raw choices and RowId selection through sort, filter, and page (669ms)
  ok  60 [firefox] › tests\browser\grid.spec.ts:196:1 › formatted text, validators, and cloned error regions stay accessible across filtering (592ms)
  ok  54 [firefox] › tests\browser\grid-m6.spec.ts:163:1 › Grid rejects ambiguous controls before changing authored markup (2.6s)
  ok  62 [firefox] › tests\browser\grid.spec.ts:258:1 › failed Select edits stay with RowId and clear on revert, remove, and replace (530ms)
  ok  61 [firefox] › tests\browser\list.spec.ts:101:1 › List validates hidden rows and links errors without changing raw data (712ms)
  ok  63 [firefox] › tests\browser\grid-m6.spec.ts:195:1 › Form and Grid parsers see one unparsed input snapshot (717ms)
  ok  64 [firefox] › tests\browser\grid.spec.ts:349:1 › external row updates do not run user validators after the value commits (734ms)
  ok  65 [firefox] › tests\browser\list.spec.ts:164:1 › List rejects duplicate template IDs before mutation (705ms)
  ok  66 [firefox] › tests\browser\grid-m6.spec.ts:240:1 › Grid and List keep keyboard focus when a disabled row leaves the page (808ms)
  ok  69 [firefox] › tests\browser\m10-agent-screen.spec.ts:57:1 › a docs-first authored Grid keeps row identity and drafts across local views (957ms)
  ok  56 [firefox] › tests\browser\a11y-popup-tabs.spec.ts:175:3 › side Form, Grid, List, and Pagination pass automated WCAG checks in two MDI screens (5.2s)
  ok  68 [firefox] › tests\browser\list.spec.ts:184:1 › List multiple Select validation requires a raw array (2.3s)
  ok  67 [firefox] › tests\browser\grid.spec.ts:382:1 › cross-field Select drafts validate together and commit on change or explicit validation (2.7s)
  ok  71 [firefox] › tests\browser\a11y-popup-tabs.spec.ts:200:3 › side data UI remains keyboard-operable at 320px (1.0s)
  ok  72 [firefox] › tests\browser\m10-grid.spec.ts:10:3 › side keeps grouped headings, nested choices, and MDI rows independent (1.1s)
  ok  73 [firefox] › tests\browser\grid.spec.ts:448:1 › programmatic lengths, checkbox state, stale errors, and unsupported inputs are explicit (918ms)
  ok  76 [firefox] › tests\browser\grid.spec.ts:521:1 › a thrown Select validator keeps its draft until explicit validation succeeds (678ms)
  ok  70 [firefox] › tests\browser\m10-demo.spec.ts:9:1 › authored table binds raw nested choices, formatter, and accessible labels (3.7s)
  ok  77 [firefox] › tests\browser\m12-shell.spec.ts:5:3 › side shares one editor definition and Rows while retaining and guarding documents (2.0s)
  ok  78 [firefox] › tests\browser\m10-demo.spec.ts:34:1 › sort, filter, and local pages preserve RowId selection (1.0s)
  ok  75 [firefox] › tests\browser\m10-grid.spec.ts:45:3 › side keeps fixed headings visible and the narrow document reflowed (3.7s)
  ok  80 [firefox] › tests\browser\m10-demo.spec.ts:58:1 › initial page choice rebinds a bounded view and keeps off-page RowId selection (1.2s)
  ok  79 [firefox] › tests\browser\m12-shell.spec.ts:86:3 › side retries failure, cancels pending pages, and releases an independent shell (1.5s)
  ok  81 [firefox] › tests\browser\m10-grid.spec.ts:10:3 › stack keeps grouped headings, nested choices, and MDI rows independent (1.1s)
  ok  74 [firefox] › tests\browser\a11y-popup-tabs.spec.ts:175:3 › stack Form, Grid, List, and Pagination pass automated WCAG checks in two MDI screens (5.9s)
  ok  82 [firefox] › tests\browser\m10-demo.spec.ts:79:1 › parsing, HTML constraints, and application validation retain invalid drafts (1.5s)
  ok  85 [firefox] › tests\browser\a11y-popup-tabs.spec.ts:200:3 › stack data UI remains keyboard-operable at 320px (1.3s)
  ok  86 [firefox] › tests\browser\m10-demo.spec.ts:122:1 › nested edits and Rows add, set, remove, revert, replace, changes stay observable (1.6s)
  ok  88 [firefox] › tests\browser\m10-demo.spec.ts:164:1 › required and unavailable choices validate; dispose and rebind restore the template (1.2s)
  ok  84 [firefox] › tests\browser\m10-grid.spec.ts:45:3 › stack keeps fixed headings visible and the narrow document reflowed (3.8s)
  ok  87 [firefox] › tests\browser\m4-screen.spec.ts:5:3 › side preserves authored HTML through search, edit, nested choice, and save (3.4s)
  ok  90 [firefox] › tests\browser\m7-screen.spec.ts:4:3 › side shares one page definition across main, Tab, and Popup (1.7s)
  ok  83 [firefox] › tests\browser\m12-shell.spec.ts:146:3 › side preserves accessible authored empty and populated shell states at 320px (6.1s)
  ok  91 [firefox] › tests\browser\m4-screen.spec.ts:45:3 › side keeps two pages ID-clean and independent (1.2s)
  ok  92 [firefox] › tests\browser\m7-screen.spec.ts:114:3 › side keeps two MDI workspaces and Popup results separate (1.9s)
  ok  94 [firefox] › tests\browser\m4-screen.spec.ts:73:3 › side keeps unsaved edits when Enter is pressed in the local filter (1.2s)
  ok  89 [firefox] › tests\browser\m6-screen.spec.ts:5:3 › side keeps Grid, List, Select, Pagination, and Form in one row flow (4.1s)
  ok  93 [firefox] › tests\browser\m12-shell.spec.ts:5:3 › stack shares one editor definition and Rows while retaining and guarding documents (2.3s)
  ok  96 [firefox] › tests\browser\m4-screen.spec.ts:86:3 › side keeps invalid drafts by row while navigating and adding (1.3s)
  ok  97 [firefox] › tests\browser\m6-screen.spec.ts:69:3 › side keeps two paged instances separate and ID-clean (2.1s)
  ok  95 [firefox] › tests\browser\m7-screen.spec.ts:4:3 › stack shares one page definition across main, Tab, and Popup (2.4s)
  ok  99 [firefox] › tests\browser\m4-screen.spec.ts:107:3 › side restores focus to a hidden row with an unavailable choice (1.2s)
  ok  98 [firefox] › tests\browser\m12-shell.spec.ts:86:3 › stack retries failure, cancels pending pages, and releases an independent shell (2.1s)
  ok 100 [firefox] › tests\browser\m6-screen.spec.ts:5:3 › stack keeps Grid, List, Select, Pagination, and Form in one row flow (1.5s)
  ok 101 [firefox] › tests\browser\m7-screen.spec.ts:114:3 › stack keeps two MDI workspaces and Popup results separate (1.8s)
  ok 102 [firefox] › tests\browser\m4-screen.spec.ts:122:3 › side handles empty, failed, and replaced searches (2.0s)
  ok 104 [firefox] › tests\browser\m6-screen.spec.ts:69:3 › stack keeps two paged instances separate and ID-clean (943ms)
  ok 105 [firefox] › tests\browser\m7-screen.spec.ts:172:1 › immediate workspace removal treats page readiness cancellation as normal (629ms)
  ok 106 [firefox] › tests\browser\m4-screen.spec.ts:144:3 › side validates hidden changes and recovers from save failure (1.3s)
  ok 107 [firefox] › tests\browser\m6-screen.spec.ts:92:1 › a hidden invalid Grid choice reopens its page before focusing (1.0s)
  ok 110 [firefox] › tests\browser\notify.spec.ts:19:1 › notifications retain authored markup, announce through stable channels, and insert safe text without focus (685ms)
  ok 109 [firefox] › tests\browser\m4-screen.spec.ts:5:3 › stack preserves authored HTML through search, edit, nested choice, and save (906ms)
  ok 111 [firefox] › tests\browser\notify.spec.ts:75:1 › dismissal follows native keyboard activation and keeps focused removal inside the region (744ms)
  ok 112 [firefox] › tests\browser\m4-screen.spec.ts:45:3 › stack keeps two pages ID-clean and independent (764ms)
  ok 113 [firefox] › tests\browser\notify.spec.ts:110:1 › dismissal skips unavailable close controls and clear remains scoped to one MDI region (462ms)
  ok 108 [firefox] › tests\browser\m7-screen.spec.ts:186:1 › slow Popup close and parent removal settle once and release the page (3.2s)
  ok 114 [firefox] › tests\browser\m4-screen.spec.ts:73:3 › stack keeps unsaved edits when Enter is pressed in the local filter (834ms)
  ok 115 [firefox] › tests\browser\notify.spec.ts:139:1 › invalid notification markup and label references fail before mutation or ownership (600ms)
  ok 116 [firefox] › tests\browser\page.spec.ts:3:1 › two pages keep separate roots, outputs, and reload input (727ms)
  ok 118 [firefox] › tests\browser\notify.spec.ts:192:1 › invalid show arguments remain atomic and disposal releases ownership and returned dismissals (720ms)
  ok 103 [firefox] › tests\browser\m12-shell.spec.ts:146:3 › stack preserves accessible authored empty and populated shell states at 320px (6.8s)
  ok 119 [firefox] › tests\browser\page.spec.ts:61:1 › pending initialization aborts immediately and releases resources (806ms)
  ok 121 [firefox] › tests\browser\popup.spec.ts:3:1 › output waits for page cleanup, restores focus, and permits immediate reopening (708ms)
  ok 122 [firefox] › tests\browser\page.spec.ts:101:1 › fetched HTML has one root and duplicate IDs are rejected (662ms)
  ok 124 [firefox] › tests\browser\page.spec.ts:138:1 › fetched HTML rejects executable attributes before insertion (587ms)
  ok 125 [firefox] › tests\browser\page.spec.ts:163:1 › factory roots are checked against the insertion document (506ms)
  ok 117 [firefox] › tests\browser\m4-screen.spec.ts:86:3 › stack keeps invalid drafts by row while navigating and adding (3.2s)
  ok 120 [firefox] › tests\browser\notify.spec.ts:228:1 › an authored notification without close controls is dismissed through its returned function (2.4s)
  ok 126 [firefox] › tests\browser\page.spec.ts:190:1 › late own registration disposes a resource after cancellation (498ms)
  ok 127 [firefox] › tests\browser\m4-screen.spec.ts:107:3 › stack restores focus to a hidden row with an unavailable choice (876ms)
  ok 129 [firefox] › tests\browser\page.spec.ts:226:1 › output stops when a listener reloads its page (585ms)
  ok 131 [firefox] › tests\browser\select-pagination.spec.ts:13:1 › Select preserves authored raw strings and generated typed choices (660ms)
  ok 123 [firefox] › tests\browser\popup.spec.ts:67:1 › closing during initialization aborts ready but resolves an ordinary result (3.3s)
  ok 132 [firefox] › tests\browser\select-pagination.spec.ts:52:1 › multiple Select keeps scalar identity, order, ownership, and disposal (442ms)
  ok 130 [firefox] › tests\browser\m4-screen.spec.ts:122:3 › stack handles empty, failed, and replaced searches (1.8s)
  ok 133 [firefox] › tests\browser\popup.spec.ts:121:1 › native cancellation, detached host, and cleanup failure keep one terminal result (1.0s)
  ok 136 [firefox] › tests\browser\popup.spec.ts:169:1 › malformed dialogs fail synchronously and failed initialization leaves a reusable host (601ms)
  ok 128 [firefox] › tests\browser\notify.spec.ts:249:1 › notification insertion and dismissal pass automated A and AA checks (3.8s)
  ok 135 [firefox] › tests\browser\m4-screen.spec.ts:144:3 › stack validates hidden changes and recovers from save failure (1.1s)
  ok 137 [firefox] › tests\browser\popup.spec.ts:210:1 › nested popup restores focus to the next authored control when its opener disappears (592ms)
  ok 139 [firefox] › tests\browser\tabs.spec.ts:3:1 › authored tabs keep IDs, navigate manually, and isolate two instances (622ms)
  ok 134 [firefox] › tests\browser\select-pagination.spec.ts:94:1 › Pagination is controlled, bounded, accessible, focus-safe, and reversible (2.8s)
  ok 140 [firefox] › tests\browser\popup.spec.ts:238:1 › direct open-attribute removal still aborts page work and settles the result (931ms)
  ok 141 [firefox] › tests\browser\tabs.spec.ts:100:1 › superseded loads abort, failed pages restore the previous tab, and retry remounts (886ms)
  ok 138 [firefox] › tests\browser\m4-screen.spec.ts:171:1 › a saved insert is not resent when the post-save refresh fails (1.7s)
  ok 143 [firefox] › tests\browser\popup.spec.ts:262:1 › twenty openings leave no page DOM or Popup listeners behind (825ms)
  ok 142 [firefox] › tests\browser\select-pagination.spec.ts:154:1 › Pagination rejects invalid state and repeated IDs before changing the HTML (1.5s)
  ok 144 [firefox] › tests\browser\tabs.spec.ts:179:1 › initial failure is retryable, borrowed HTML stays, and invalid markup is rejected (1.3s)
  ok 146 [firefox] › tests\browser\popup.spec.ts:316:1 › close wins over same-task output without beforetoggle notification (1.1s)
  ok 147 [firefox] › tests\browser\select-pagination.spec.ts:185:1 › Pagination state snapshot cannot change its internal page (849ms)
  ok 145 [firefox] › tests\browser\m4-screen.spec.ts:192:1 › save locks editing while keeping Close available and aborts after removal (1.9s)
  ok 148 [firefox] › tests\browser\tabs.spec.ts:248:1 › native Enter and Space activate once after arrow focus (1.3s)
  ok 150 [firefox] › tests\browser\tree.spec.ts:11:1 › Tree resolves unordered parents, binds nested text, and reuses nodes on updates (1.0s)
  ok 152 [firefox] › tests\browser\tabs.spec.ts:311:1 › failed cached activation is evicted and a later visit creates a fresh page (895ms)
  ok 151 [firefox] › tests\browser\m4-screen.spec.ts:214:1 › the development mock rejects an entire conflicting save (1.9s)
  ok 154 [firefox] › tests\browser\tabs.spec.ts:371:1 › dispose during initial loading aborts without an unhandled ready rejection (1.0s)
  ok 153 [firefox] › tests\browser\tree.spec.ts:90:1 › Tree keyboard separates focus and selection and collapses focused descendants safely (1.5s)
  ok 149 [firefox] › tests\browser\tree-date-screen.spec.ts:5:3 › side connects Tree and DatePicker to independent CVC Forms (3.0s)
  ok 156 [firefox] › tests\browser\tabs.spec.ts:418:1 › superseding a slow deactivation retains the previous controller for revisit (803ms)
  ok 157 [firefox] › tests\browser\tree.spec.ts:146:1 › Tree validates markup and hierarchy and rolls back failed initial binding (1.1s)
  ok 159 [firefox] › tests\browser\tree.spec.ts:217:1 › Tree keeps the last valid DOM on hierarchy and formatter failures and recovers (752ms)
  ok 155 [firefox] › tests\browser\m4-screen.spec.ts:233:1 › closing during a delayed search does not update a removed page (2.6s)
  ok 160 [firefox] › tests\browser\tree.spec.ts:261:1 › two Trees keep generated label IDs unique and their state independent (538ms)
  ok 162 [firefox] › tests\browser\tree.spec.ts:300:1 › Tree can reverse prior DOM ancestry while keeping RowIds and selected focus (562ms)
  ok 161 [firefox] › tests\browser\m4-screen.spec.ts:246:1 › server HTML runs the same employee controller in two ID-clean pages (1.4s)
  ok 163 [firefox] › tests\browser\tree.spec.ts:330:1 › Tree measured binding updates preserve records for 1,000 flat and nested rows (1.1s)
  ok 158 [firefox] › tests\browser\tree-date-screen.spec.ts:80:3 › side keeps authored MDI labels clean through modal use and repeated disposal (5.3s)
  ok 164 [firefox] › tests\browser\tree.spec.ts:370:1 › Tree handles a deep hierarchy without recursive traversal (2.5s)
  ok 165 [firefox] › tests\browser\tree-date-screen.spec.ts:5:3 › stack connects Tree and DatePicker to independent CVC Forms (1.2s)
  ok 166 [firefox] › tests\browser\tree.spec.ts:395:1 › authored Tree states pass automated A and AA checks (2.2s)
  ok 167 [firefox] › tests\browser\tree-date-screen.spec.ts:80:3 › stack keeps authored MDI labels clean through modal use and repeated disposal (4.8s)

  167 passed (1.4m)
