
> @bbalganjjm/natural_js@2.0.0-beta.0 test:browser
> playwright test -c tests/playwright.config.ts --project=chromium --reporter=dot

[WebServer] (node:6188) Warning: The 'NO_COLOR' env is ignored due to the 'FORCE_COLOR' env being set.
[WebServer] (Use `node --trace-warnings ...` to show where the warning was created)

Running 103 tests using 4 workers
(node:18648) Warning: The 'NO_COLOR' env is ignored due to the 'FORCE_COLOR' env being set.
(Use `node --trace-warnings ...` to show where the warning was created)
(node:17192) Warning: The 'NO_COLOR' env is ignored due to the 'FORCE_COLOR' env being set.
(Use `node --trace-warnings ...` to show where the warning was created)
(node:18228) Warning: The 'NO_COLOR' env is ignored due to the 'FORCE_COLOR' env being set.
(Use `node --trace-warnings ...` to show where the warning was created)
(node:17948) Warning: The 'NO_COLOR' env is ignored due to the 'FORCE_COLOR' env being set.
(Use `node --trace-warnings ...` to show where the warning was created)
[WebServer] 오전 5:01:09 [vite] (client) [Unhandled error] Error: subscriber failed
[WebServer]  > notify ../../src/data/index.ts:139:12
[WebServer]     137 |        if (disposed) break;
[WebServer]     138 |        if (!listeners.has(listener)) continue;
[WebServer]     139 |        try { listener(event); }
[WebServer]         |              ^
[WebServer]     140 |        catch (cause) {
[WebServer]     141 |          if (!failed) {
[WebServer]  > Object.set ../../src/data/index.ts:219:6
[WebServer]  > reconcile ../../src/ui/form.ts:404:16
[WebServer]  > HTMLFormElement.onInput ../../src/ui/form.ts:444:6
[WebServer]
[WebServer] 오전 5:01:09 [vite] (client) [Unhandled error] FrameworkError: Rows require acyclic JSON-compatible values.
[WebServer]  > rowError ../../src/data/index.ts:54:9
[WebServer]     52 |
[WebServer]     53 |  function rowError(api: string, code: string, message: string, detail?: Record<string, unknown>): FrameworkError {
[WebServer]     54 |    return new FrameworkError({ api, code, message, detail });
[WebServer]        |           ^
[WebServer]     55 |  }
[WebServer]     56 |
[WebServer]  > cloneFrozen ../../src/data/index.ts:66:10
[WebServer]  > Object.set ../../src/data/index.ts:210:19
[WebServer]  > reconcile ../../src/ui/form.ts:404:16
[WebServer]  > HTMLFormElement.onInput ../../src/ui/form.ts:444:6
[WebServer]
················································································
·······················
  103 passed (13.6s)
